Microchip MPLAB XC8 Compiler V2.40

Linker command line:

-W-3 \
  --edf=C:\Program Files\Microchip\xc8\v2.40\pic\dat\20220703182018_en.msgs \
  -cn -h+dist/default/production\sw.X.production.sym \
  --cmf=dist/default/production\sw.X.production.cmf -z -Q12F675 \
  -oC:\Users\Dell\AppData\Local\Temp\xcAs9tc.5 --defsym=__MPLAB_BUILD=1 \
  --fixupoverflow=error -Mdist/default/production/sw.X.production.map \
  --md=C:\Users\Dell\AppData\Local\Temp\xcBs9tc.dat -E1 -ver=XC8 Compiler \
  --acfsm=1493 -ACODE=00h-03FEh -ASTRCODE=00h-03FEh \
  -ASTRING=00h-0FFhx3,0300h-03FEh -ACONST=00h-0FFhx3,0300h-03FEh \
  -AENTRY=00h-0FFhx3,0300h-03FEh -ABANK0=020h-05Dh -ARAM=020h-05Dh \
  -AABS1=020h-05Fh -ACOMMON=05Eh-05Fh -ASFR0=00h-01Fh -ASFR1=080h-0DDh \
  -ACONFIG=02007h-02007h -DCONFIG=2 -AIDLOC=02000h-02003h -DIDLOC=2 \
  -AEEDATA=00h-07Fh/02100h -peeprom_data=EEDATA -DEEDATA=2 -DCODE=2 \
  -DSTRCODE=2 -DSTRING=2 -DCONST=2 -DENTRY=2 \
  -preset_vec=00h,intentry,init,end_init -ppowerup=CODE -pcinit=CODE \
  -pfunctab=ENTRY -posccal=03FFh -k \
  C:\Users\Dell\AppData\Local\Temp\xcAs9tc.o \
  dist/default/production\sw.X.production.o 

Object code version is 3.11

Machine type is 12F675



                Name                               Link     Load   Length Selector   Space Scale
C:\Users\Dell\AppData\Local\Temp\xcAs9tc.o
                end_init                              0        0        1        0       0
                config                             2007     2007        1        0       4
                idloc                              2000     2000        4        0       5
dist/default/production\sw.X.production.o
                cinit                               3FB      3FB        4      7F6       0
                config                             2007     2007        1        0       4
                idloc                              2000     2000        4        0       5
                text2                               3CD      3CD        9      79A       0
                text1                               3D6      3D6       12      7AC       0
                maintext                            3E8      3E8       13      7D0       0
                bssBANK0                             20       20        1       20       1

TOTAL           Name                               Link     Load   Length     Space
        CLASS   CODE           
                end_init                              0        0        1         0
                cinit                               3FB      3FB        4         0
                text2                               3CD      3CD        9         0
                text1                               3D6      3D6       12         0
                maintext                            3E8      3E8       13         0

        CLASS   STRCODE        

        CLASS   STRING         

        CLASS   CONST          

        CLASS   ENTRY          

        CLASS   BANK0          
                bssBANK0                             20       20        1         1

        CLASS   RAM            

        CLASS   ABS1           
                abs_s1                               5E       5E        2         1

        CLASS   COMMON         

        CLASS   SFR0           

        CLASS   SFR1           

        CLASS   CONFIG         
                config                             2007     2007        1         4

        CLASS   IDLOC          
                idloc                              2000     2000        4         5

        CLASS   EEDATA         

        CLASS   BANK1          

        CLASS   STACK          



SEGMENTS        Name                           Load    Length   Top    Selector   Space  Class     Delta

                reset_vec                      000000  000001  000001         0       0  CODE        2
                bssBANK0                       000020  000001  000021        20       1  BANK0       1
                text2                          0003CD  000009  0003D6       79A       0  CODE        2
                text1                          0003D6  000012  0003E8       7AC       0  CODE        2
                maintext                       0003E8  000013  0003FB       7D0       0  CODE        2
                cinit                          0003FB  000004  0003FF       7F6       0  CODE        2


UNUSED ADDRESS RANGES

        Name                Unused          Largest block    Delta
        BANK0            0021-005D             3D           1
        CODE             0001-03CC            3CC           2
        CONST            0001-03CC            100           2
        EEDATA           2100-217F             80           2
        ENTRY            0001-03CC            100           2
        RAM              0021-005D             3D           1
        SFR0             0000-001F             20           1
        SFR1             0080-00DD             5E           1
        STRCODE          0001-03CC            3CC           2
        STRING           0001-03CC            100           2

                                  Symbol Table

_ADCON0                  (abs)        001F
_ANSEL                   (abs)        009F
_CMCON                   (abs)        0019
_GIE                     (abs)        005F
_GP0                     (abs)        0028
_GPIO                    (abs)        0005
_InitPWM                 text2        03CD
_OPTION_REGbits          (abs)        0081
_PWM                     bssBANK0     0020
_T0IE                    (abs)        005D
_T0IF                    (abs)        005A
_TMR0                    (abs)        0001
_TRISIO                  (abs)        0085
_VRCON                   (abs)        0099
__Habs1                  abs1         07FE
__Hbank0                 bank0        07FE
__Hbank1                 bank1        07FE
__HbssBANK0              bssBANK0     07FE
__Hcinit                 cinit        03FF
__Hclrtext               clrtext      07FE
__Hcode                  code         07FE
__Hcommon                common       07FE
__Hconfig                config       2008
__HcstackBANK0           cstackBANK0  07FE
__HcstackCOMMON          cstackCOMMON 07FE
__Heeprom_data           eeprom_data  0000
__Hend_init              end_init     0001
__Hfunctab               functab      0000
__Hidloc                 idloc        2004
__Hinit                  init         0000
__Hintentry              intentry     0000
__Hmaintext              maintext     07FE
__Hosccal                osccal       03FF
__Hpowerup               powerup      0000
__Hram                   ram          07FE
__Hreset_vec             reset_vec    0000
__Hsfr0                  sfr0         07FE
__Hsfr1                  sfr1         07FE
__Hspace_0               (abs)        07FE
__Hspace_1               (abs)        07FE
__Hspace_2               (abs)        07FE
__Hspace_3               (abs)        0000
__Hspace_4               (abs)        400F
__Hstack                 stack        07FE
__Hstrings               strings      07FE
__Htext                  text         07FE
__Labs1                  abs1         07FE
__Lbank0                 bank0        07FE
__Lbank1                 bank1        07FE
__LbssBANK0              bssBANK0     07FE
__Lcinit                 cinit        03FB
__Lclrtext               clrtext      07FE
__Lcode                  code         07FE
__Lcommon                common       07FE
__Lconfig                config       0000
__LcstackBANK0           cstackBANK0  07FE
__LcstackCOMMON          cstackCOMMON 07FE
__Leeprom_data           eeprom_data  0000
__Lend_init              end_init     0000
__Lfunctab               functab      0000
__Lidloc                 idloc        0000
__Linit                  init         0000
__Lintentry              intentry     0000
__Lmaintext              maintext     07FE
__Losccal                osccal       03FF
__Lpowerup               powerup      0000
__Lram                   ram          07FE
__Lreset_vec             reset_vec    0000
__Lsfr0                  sfr0         07FE
__Lsfr1                  sfr1         07FE
__Lspace_0               (abs)        0000
__Lspace_1               (abs)        0000
__Lspace_2               (abs)        0000
__Lspace_3               (abs)        0000
__Lspace_4               (abs)        0000
__Lstack                 stack        07FE
__Lstrings               strings      07FE
__Ltext                  text         07FE
__S0                     (abs)        03FF
__S1                     (abs)        0021
__S3                     (abs)        0000
___int_sp                stack        07FE
___latbits               (abs)        0000
___osccal_val            osccal       03FF
___sp                    stack        07FE
___stackhi               (abs)        0000
___stacklo               (abs)        0000
__end_of_InitPWM         text2        03D6
__end_of__initialization cinit        03FD
__end_of_interruptISR    text1        03E8
__end_of_main            maintext     03FB
__initialization         cinit        03FB
__pbssBANK0              bssBANK0     0020
__pcstackBANK0           cstackBANK0  0000
__pcstackCOMMON          cstackCOMMON 0000
__pmaintext              maintext     03E8
__ptext1                 text1        03D6
__ptext2                 text2        03CD
_interruptISR            text1        03D6
_main                    maintext     03E8
btemp                    (abs)        005E
end_of_initialization    cinit        03FD
intlevel0                functab      0000
intlevel1                functab      0000
intlevel2                functab      0000
intlevel3                functab      0000
intlevel4                functab      0000
intlevel5                functab      0000
reset_vec                reset_vec    0000
start                    init         0000
start_initialization     cinit        03FB
wtemp0                   (abs)        005E


MODULE INFORMATION

Module		Function		Class		Link	Load	Size
PWM.c
		_InitPWM       		CODE           	03CD	0000	9

PWM.c estimated size: 9

Main.c
		_main          		CODE           	03E8	0000	19

Main.c estimated size: 19

shared
		__initialization		CODE           	03FB	0000	2

shared estimated size: 2

ISR.c
		_interruptISR  		CODE           	03D6	0000	18

ISR.c estimated size: 18

